[www.opinion.com.bo/articulo/pais/luego-13-anos-pagina-publica-ultima-edicion-anuncia-cierre/20230629162216912164.html]
[backblue.gif]
[fade.gif]
[index.html]
[www.opinion.com.bo/media/opinion/images/2021/01/01/2021010100000083305.png]
[www.opinion.com.bo/articulo/pais/luego-13-anos-pagina-publica-ultima-edicion-anuncia-cierre/GET]
[www.opinion.com.bo/cdn-cgi/scripts/7d0fa10a/cloudflare-static/rocket-loader.min.js]
[www.opinion.com.bo/themes/olympus/css/style.20231211132743.css]
[www.opinion.com.bo/dynamic/css/global.1711094351.css]
[www.opinion.com.bo/themes/olympus/js/header.20231211132743.js]
[www.opinion.com.bo/articulo/pais/luego-13-anos-pagina-publica-ultima-edicion-anuncia-cierre/20230629162216912164.amp.html]
[www.opinion.com.bo/choice1ed7.js]
[www.opinion.com.bo/assets/src/onm-am/am.20240322113028.js]
[ced.sascdn.com/tag/3066/smart.js]
[cdn.unblockia.com/h.js]
[tagmanager.smartadserver.com/3066/327853/smart.prebid.js]
[ssm.codes/smart-tag/opinioncombo.js]
[a.teads.tv/analytics/tag.js]
[pagead2.googlesyndication.com/pagead/js/f6a3d.txt]
[pagead2.googlesyndication.com/pagead/js/fd10e.txt]
[www.opinion.com.bo/assets/js/onm/jquery.onm-stats.20240322113028.js]
[www.opinion.com.bo/media/opinion/images/2021/01/01/2021010100000081399.png]
[www.opinion.com.bo/media/opinion/images/2021/01/01/2021010100000072606.png]
[www.opinion.com.bo/asset/thumbnail,992,558,center,center/media/opinion/images/2023/06/29/2023062916214814292.jpg]
[www.opinion.com.bo/cdn-cgi/scripts/5c5dd728/cloudflare-static/email-decode.min.js]
[platform.twitter.com/widgets.js]
[www.opinion.com.bo/assets/images/lazy-bg.png]
[www.opinion.com.bo/media/opinion/images/2024/03/21/2024032122090364990.jpg]
[pagead2.googlesyndication.com/pagead/js/f.txt]
[www.opinion.com.bo/media/opinion/sections/OPINION-bo-blanco.png]
[www.opinion.com.bo/assets/images/logos/opennemas-powered-white.png]
[www.opinion.com.bo/themes/olympus/js/functions.20231211132743.js]
[www.opinion.com.bo/articulo/pais/luego-13-anos-pagina-publica-ultima-edicion-anuncia-cierre/20230629162216912164.html]
[www.opinion.com.bo/articulo/pais/luego-13-anos-pagina-publica-ultima-edicion-anuncia-cierre/GET.html]
[browser-update.org/update.js]
[www.opinion.com.bo/themes/olympus/images/close.png]
[www.opinion.com.bo/themes/olympus/images/loading.gif]
[www.opinion.com.bo/themes/olympus/images/prev.png]
[www.opinion.com.bo/themes/olympus/images/next.png]
[www.opinion.com.bo/themes/olympus/images/owl.video.play.png]
[www.opinion.com.bo/themes/olympus/images/grabbing.png]
[www.opinion.com.bo/themes/olympus/images/bullets/meneame15.png]
[www.opinion.com.bo/themes/olympus/css/style.20231211132743.css]
[www.opinion.com.bo/dynamic/css/global.1711094351.css]
[www.opinion.com.bo/media/opinion/images/2023/06/29/2023062916214814292.jpg]
[cdn.ampproject.org/v0/amp-analytics-0.1.js]
[cdn.ampproject.org/v0/amp-ad-0.1.js]
[cdn.ampproject.org/v0/amp-sticky-ad-1.0.js]
[cdn.ampproject.org/v0/amp-iframe-0.1.js]
[cdn.ampproject.org/v0/amp-geo-0.1.js]
[cdn.ampproject.org/v0/amp-twitter-0.1.js]
[cdn.ampproject.org/v0/amp-mega-menu-0.1.js]
[cdn.ampproject.org/v0/amp-sidebar-0.1.js]
[cdn.ampproject.org/v0/amp-consent-0.1.js]
[cdn.ampproject.org/v0.js]
[www.opinion.com.bo/articulo/pais/luego-13-anos-pagina-publica-ultima-edicion-anuncia-cierre/20230629162216912164.amp.html]
[www.opinion.com.bo/choice1ed7.html]
[pagead2.googlesyndication.com/pagead/js/f67b8.txt]
[securepubads.g.doubleclick.net/tag/js/fefd6.txt]
[www.opinion.com.bo/articulo/pais/luego-13-anos-pagina-publica-ultima-edicion-anuncia-cierre/robots.txt]
[cdn.unblockia.com/proxies.js]
[www.opinion.com.bo/articulo/pais/luego-13-anos-pagina-publica-ultima-edicion-anuncia-cierre/window[_0x536a7c(0x19c]
[www.opinion.com.bo/articulo/pais/luego-13-anos-pagina-publica-ultima-edicion-anuncia-cierre/window[_0x40f6de(0x19c]
[cdn.unblockia.com/h.js]
[www.opinion.com.bo/articulo/pais/luego-13-anos-pagina-publica-ultima-edicion-anuncia-cierre/robots.html]
[www.opinion.com.bo/articulo/pais/luego-13-anos-pagina-publica-ultima-edicion-anuncia-cierre/window[_0x536a7c(0x19c.html]
[www.opinion.com.bo/articulo/pais/luego-13-anos-pagina-publica-ultima-edicion-anuncia-cierre/window[_0x40f6de(0x19c.html]
